2026-03-10T19:58:02.349Z [[31merror[39m]: [31munhandledRejection: Could not connect to any servers in your MongoDB Atlas cluster. One common reason is that you're trying to access the database from an IP that isn't whitelisted. Make sure your current IP address is on your Atlas cluster's IP whitelist: https://www.mongodb.com/docs/atlas/security-whitelist/[39m
[31mMongooseServerSelectionError: Could not connect to any servers in your MongoDB Atlas cluster. One common reason is that you're trying to access the database from an IP that isn't whitelisted. Make sure your current IP address is on your Atlas cluster's IP whitelist: https://www.mongodb.com/docs/atlas/security-whitelist/[39m
[31m    at _handleConnectionErrors (G:\BMS\node_modules\mongoose\lib\connection.js:1169:11)[39m
[31m    at NativeConnection.openUri (G:\BMS\node_modules\mongoose\lib\connection.js:1100:11)[39m
MongooseServerSelectionError: Could not connect to any servers in your MongoDB Atlas cluster. One common reason is that you're trying to access the database from an IP that isn't whitelisted. Make sure your current IP address is on your Atlas cluster's IP whitelist: https://www.mongodb.com/docs/atlas/security-whitelist/
    at _handleConnectionErrors (G:\BMS\node_modules\mongoose\lib\connection.js:1169:11)
    at NativeConnection.openUri (G:\BMS\node_modules\mongoose\lib\connection.js:1100:11)
2026-03-10T20:00:00.407Z [[31merror[39m]: [31munhandledRejection: Could not connect to any servers in your MongoDB Atlas cluster. One common reason is that you're trying to access the database from an IP that isn't whitelisted. Make sure your current IP address is on your Atlas cluster's IP whitelist: https://www.mongodb.com/docs/atlas/security-whitelist/[39m
[31mMongooseServerSelectionError: Could not connect to any servers in your MongoDB Atlas cluster. One common reason is that you're trying to access the database from an IP that isn't whitelisted. Make sure your current IP address is on your Atlas cluster's IP whitelist: https://www.mongodb.com/docs/atlas/security-whitelist/[39m
[31m    at _handleConnectionErrors (G:\BMS\node_modules\mongoose\lib\connection.js:1169:11)[39m
[31m    at NativeConnection.openUri (G:\BMS\node_modules\mongoose\lib\connection.js:1100:11)[39m
MongooseServerSelectionError: Could not connect to any servers in your MongoDB Atlas cluster. One common reason is that you're trying to access the database from an IP that isn't whitelisted. Make sure your current IP address is on your Atlas cluster's IP whitelist: https://www.mongodb.com/docs/atlas/security-whitelist/
    at _handleConnectionErrors (G:\BMS\node_modules\mongoose\lib\connection.js:1169:11)
    at NativeConnection.openUri (G:\BMS\node_modules\mongoose\lib\connection.js:1100:11)
2026-03-10T20:01:00.312Z [[31merror[39m]: [31munhandledRejection: Could not connect to any servers in your MongoDB Atlas cluster. One common reason is that you're trying to access the database from an IP that isn't whitelisted. Make sure your current IP address is on your Atlas cluster's IP whitelist: https://www.mongodb.com/docs/atlas/security-whitelist/[39m
[31mMongooseServerSelectionError: Could not connect to any servers in your MongoDB Atlas cluster. One common reason is that you're trying to access the database from an IP that isn't whitelisted. Make sure your current IP address is on your Atlas cluster's IP whitelist: https://www.mongodb.com/docs/atlas/security-whitelist/[39m
[31m    at _handleConnectionErrors (G:\BMS\node_modules\mongoose\lib\connection.js:1169:11)[39m
[31m    at NativeConnection.openUri (G:\BMS\node_modules\mongoose\lib\connection.js:1100:11)[39m
MongooseServerSelectionError: Could not connect to any servers in your MongoDB Atlas cluster. One common reason is that you're trying to access the database from an IP that isn't whitelisted. Make sure your current IP address is on your Atlas cluster's IP whitelist: https://www.mongodb.com/docs/atlas/security-whitelist/
    at _handleConnectionErrors (G:\BMS\node_modules\mongoose\lib\connection.js:1169:11)
    at NativeConnection.openUri (G:\BMS\node_modules\mongoose\lib\connection.js:1100:11)
